// Vitest Snapshot v1, https://vitest.dev/guide/snapshot.html

exports[`BeerList > renders correctly 1`] = `
<div>
  <section
    class="_resultsInfoContainer_ac700a"
  >
    <div
      class="_resultsHeader_ac700a"
    >
      <h2
        class="_resultsInfo_ac700a"
      >
        100
         results
      </h2>
      <button
        class="ant-btn css-dev-only-do-not-override-pr0fja ant-btn-primary"
        type="button"
      >
        <span>
          Reset filters
        </span>
      </button>
    </div>
    <p
      class="_resultsInfo_ac700a"
    >
      Searched for: "
      "
    </p>
    <p
      class="_resultsInfo_ac700a"
    >
      Sorted by: 
      Most popular
    </p>
  </section>
  <main>
    <div
      class="infinite-scroll-component__outerdiv"
    >
      <div
        class="infinite-scroll-component "
        style="height: auto; overflow: auto;"
      >
        <ul
          class="_list_ac700a"
        >
          <li>
            <a
              aria-label="21st Amendment Bitter American"
              class="_card_539764"
              href="./beer/1"
            >
              <div
                class="_textWrapper_539764"
              >
                <h1
                  class="_beerName_539764"
                >
                  21st Amendment Bitter American
                </h1>
                <p
                  class="_breweryName_539764"
                >
                  21st Amendment Brewery Cafe
                </p>
              </div>
              <div
                class="_wrapper_0f0ab2"
              >
                <button
                  aria-label="Upvote this beer"
                  class="ant-btn css-dev-only-do-not-override-pr0fja ant-btn-primary ant-btn-icon-only"
                  style="filter: brightness(0.8);"
                  type="button"
                >
                  <span
                    class="ant-btn-icon"
                  >
                    <span
                      aria-label="caret-up"
                      class="anticon anticon-caret-up"
                      role="img"
                    >
                      <svg
                        aria-hidden="true"
                        data-icon="caret-up"
                        fill="currentColor"
                        focusable="false"
                        height="1em"
                        viewBox="0 0 1024 1024"
                        width="1em"
                      >
                        <path
                          d="M858.9 689L530.5 308.2c-9.4-10.9-27.5-10.9-37 0L165.1 689c-12.2 14.2-1.2 35 18.5 35h656.8c19.7 0 30.7-20.8 18.5-35z"
                        />
                      </svg>
                    </span>
                  </span>
                </button>
                <p
                  class="_count_0f0ab2"
                >
                  NaN
                </p>
                <button
                  aria-label="Downvote this beer"
                  class="ant-btn css-dev-only-do-not-override-pr0fja ant-btn-primary ant-btn-icon-only"
                  style="filter: brightness(0.8);"
                  type="button"
                >
                  <span
                    class="ant-btn-icon"
                  >
                    <span
                      aria-label="caret-down"
                      class="anticon anticon-caret-down"
                      role="img"
                    >
                      <svg
                        aria-hidden="true"
                        data-icon="caret-down"
                        fill="currentColor"
                        focusable="false"
                        height="1em"
                        viewBox="0 0 1024 1024"
                        width="1em"
                      >
                        <path
                          d="M840.4 300H183.6c-19.7 0-30.7 20.8-18.5 35l328.4 380.8c9.4 10.9 27.5 10.9 37 0L858.9 335c12.2-14.2 1.2-35-18.5-35z"
                        />
                      </svg>
                    </span>
                  </span>
                </button>
              </div>
            </a>
          </li>
          <li>
            <a
              aria-label="Borg Citra"
              class="_card_539764"
              href="./beer/2"
            >
              <div
                class="_textWrapper_539764"
              >
                <h1
                  class="_beerName_539764"
                >
                  Borg Citra
                </h1>
                <p
                  class="_breweryName_539764"
                >
                  Borg Bruggh√∫s
                </p>
              </div>
              <div
                class="_wrapper_0f0ab2"
              >
                <button
                  aria-label="Upvote this beer"
                  class="ant-btn css-dev-only-do-not-override-pr0fja ant-btn-primary ant-btn-icon-only"
                  style="filter: brightness(0.8);"
                  type="button"
                >
                  <span
                    class="ant-btn-icon"
                  >
                    <span
                      aria-label="caret-up"
                      class="anticon anticon-caret-up"
                      role="img"
                    >
                      <svg
                        aria-hidden="true"
                        data-icon="caret-up"
                        fill="currentColor"
                        focusable="false"
                        height="1em"
                        viewBox="0 0 1024 1024"
                        width="1em"
                      >
                        <path
                          d="M858.9 689L530.5 308.2c-9.4-10.9-27.5-10.9-37 0L165.1 689c-12.2 14.2-1.2 35 18.5 35h656.8c19.7 0 30.7-20.8 18.5-35z"
                        />
                      </svg>
                    </span>
                  </span>
                </button>
                <p
                  class="_count_0f0ab2"
                >
                  NaN
                </p>
                <button
                  aria-label="Downvote this beer"
                  class="ant-btn css-dev-only-do-not-override-pr0fja ant-btn-primary ant-btn-icon-only"
                  style="filter: brightness(0.8);"
                  type="button"
                >
                  <span
                    class="ant-btn-icon"
                  >
                    <span
                      aria-label="caret-down"
                      class="anticon anticon-caret-down"
                      role="img"
                    >
                      <svg
                        aria-hidden="true"
                        data-icon="caret-down"
                        fill="currentColor"
                        focusable="false"
                        height="1em"
                        viewBox="0 0 1024 1024"
                        width="1em"
                      >
                        <path
                          d="M840.4 300H183.6c-19.7 0-30.7 20.8-18.5 35l328.4 380.8c9.4 10.9 27.5 10.9 37 0L858.9 335c12.2-14.2 1.2-35-18.5-35z"
                        />
                      </svg>
                    </span>
                  </span>
                </button>
              </div>
            </a>
          </li>
          <li>
            <a
              aria-label="Sierra Nevada Pale Ale"
              class="_card_539764"
              href="./beer/3"
            >
              <div
                class="_textWrapper_539764"
              >
                <h1
                  class="_beerName_539764"
                >
                  Sierra Nevada Pale Ale
                </h1>
                <p
                  class="_breweryName_539764"
                >
                  Sierra Nevada Brewing Company
                </p>
              </div>
              <div
                class="_wrapper_0f0ab2"
              >
                <button
                  aria-label="Upvote this beer"
                  class="ant-btn css-dev-only-do-not-override-pr0fja ant-btn-primary ant-btn-icon-only"
                  style="filter: brightness(0.8);"
                  type="button"
                >
                  <span
                    class="ant-btn-icon"
                  >
                    <span
                      aria-label="caret-up"
                      class="anticon anticon-caret-up"
                      role="img"
                    >
                      <svg
                        aria-hidden="true"
                        data-icon="caret-up"
                        fill="currentColor"
                        focusable="false"
                        height="1em"
                        viewBox="0 0 1024 1024"
                        width="1em"
                      >
                        <path
                          d="M858.9 689L530.5 308.2c-9.4-10.9-27.5-10.9-37 0L165.1 689c-12.2 14.2-1.2 35 18.5 35h656.8c19.7 0 30.7-20.8 18.5-35z"
                        />
                      </svg>
                    </span>
                  </span>
                </button>
                <p
                  class="_count_0f0ab2"
                >
                  NaN
                </p>
                <button
                  aria-label="Downvote this beer"
                  class="ant-btn css-dev-only-do-not-override-pr0fja ant-btn-primary ant-btn-icon-only"
                  style="filter: brightness(0.8);"
                  type="button"
                >
                  <span
                    class="ant-btn-icon"
                  >
                    <span
                      aria-label="caret-down"
                      class="anticon anticon-caret-down"
                      role="img"
                    >
                      <svg
                        aria-hidden="true"
                        data-icon="caret-down"
                        fill="currentColor"
                        focusable="false"
                        height="1em"
                        viewBox="0 0 1024 1024"
                        width="1em"
                      >
                        <path
                          d="M840.4 300H183.6c-19.7 0-30.7 20.8-18.5 35l328.4 380.8c9.4 10.9 27.5 10.9 37 0L858.9 335c12.2-14.2 1.2-35-18.5-35z"
                        />
                      </svg>
                    </span>
                  </span>
                </button>
              </div>
            </a>
          </li>
          <li>
            <a
              aria-label="Mono Stereo Mosaic"
              class="_card_539764"
              href="./beer/4"
            >
              <div
                class="_textWrapper_539764"
              >
                <h1
                  class="_beerName_539764"
                >
                  Mono Stereo Mosaic
                </h1>
                <p
                  class="_breweryName_539764"
                >
                  Mono Brewing Co.
                </p>
              </div>
              <div
                class="_wrapper_0f0ab2"
              >
                <button
                  aria-label="Upvote this beer"
                  class="ant-btn css-dev-only-do-not-override-pr0fja ant-btn-primary ant-btn-icon-only"
                  style="filter: brightness(0.8);"
                  type="button"
                >
                  <span
                    class="ant-btn-icon"
                  >
                    <span
                      aria-label="caret-up"
                      class="anticon anticon-caret-up"
                      role="img"
                    >
                      <svg
                        aria-hidden="true"
                        data-icon="caret-up"
                        fill="currentColor"
                        focusable="false"
                        height="1em"
                        viewBox="0 0 1024 1024"
                        width="1em"
                      >
                        <path
                          d="M858.9 689L530.5 308.2c-9.4-10.9-27.5-10.9-37 0L165.1 689c-12.2 14.2-1.2 35 18.5 35h656.8c19.7 0 30.7-20.8 18.5-35z"
                        />
                      </svg>
                    </span>
                  </span>
                </button>
                <p
                  class="_count_0f0ab2"
                >
                  NaN
                </p>
                <button
                  aria-label="Downvote this beer"
                  class="ant-btn css-dev-only-do-not-override-pr0fja ant-btn-primary ant-btn-icon-only"
                  style="filter: brightness(0.8);"
                  type="button"
                >
                  <span
                    class="ant-btn-icon"
                  >
                    <span
                      aria-label="caret-down"
                      class="anticon anticon-caret-down"
                      role="img"
                    >
                      <svg
                        aria-hidden="true"
                        data-icon="caret-down"
                        fill="currentColor"
                        focusable="false"
                        height="1em"
                        viewBox="0 0 1024 1024"
                        width="1em"
                      >
                        <path
                          d="M840.4 300H183.6c-19.7 0-30.7 20.8-18.5 35l328.4 380.8c9.4 10.9 27.5 10.9 37 0L858.9 335c12.2-14.2 1.2-35-18.5-35z"
                        />
                      </svg>
                    </span>
                  </span>
                </button>
              </div>
            </a>
          </li>
        </ul>
        <p
          style="text-align: center;"
        >
          <b>
            Loading...
          </b>
        </p>
      </div>
    </div>
  </main>
</div>
`;
