// Vitest Snapshot v1, https://vitest.dev/guide/snapshot.html

exports[`Filters > renders correctly 1`] = `
<div>
  <div
    class="ant-divider css-dev-only-do-not-override-pr0fja ant-divider-horizontal"
    role="separator"
  />
  <div
    class="_headingWrapper_3ea492"
  >
    <h2>
      Style
    </h2>
    <span
      aria-label="question-circle"
      class="anticon anticon-question-circle"
      role="img"
    >
      <svg
        aria-hidden="true"
        data-icon="question-circle"
        fill="currentColor"
        focusable="false"
        height="1em"
        viewBox="64 64 896 896"
        width="1em"
      >
        <path
          d="M512 64C264.6 64 64 264.6 64 512s200.6 448 448 448 448-200.6 448-448S759.4 64 512 64zm0 820c-205.4 0-372-166.6-372-372s166.6-372 372-372 372 166.6 372 372-166.6 372-372 372z"
        />
        <path
          d="M623.6 316.7C593.6 290.4 554 276 512 276s-81.6 14.5-111.6 40.7C369.2 344 352 380.7 352 420v7.6c0 4.4 3.6 8 8 8h48c4.4 0 8-3.6 8-8V420c0-44.1 43.1-80 96-80s96 35.9 96 80c0 31.1-22 59.6-56.1 72.7-21.2 8.1-39.2 22.3-52.1 40.9-13.1 19-19.9 41.8-19.9 64.9V620c0 4.4 3.6 8 8 8h48c4.4 0 8-3.6 8-8v-22.7a48.3 48.3 0 0130.9-44.8c59-22.7 97.1-74.7 97.1-132.5.1-39.3-17.1-76-48.3-103.3zM472 732a40 40 0 1080 0 40 40 0 10-80 0z"
        />
      </svg>
    </span>
  </div>
  <div
    class="ant-checkbox-group css-dev-only-do-not-override-pr0fja"
  >
    <label
      class="ant-checkbox-wrapper ant-checkbox-group-item css-dev-only-do-not-override-pr0fja"
    >
      <span
        class="ant-checkbox ant-wave-target css-dev-only-do-not-override-pr0fja"
      >
        <input
          class="ant-checkbox-input"
          type="checkbox"
          value="IPA"
        />
        <span
          class="ant-checkbox-inner"
        />
      </span>
      <span>
        IPA
      </span>
    </label>
    <label
      class="ant-checkbox-wrapper ant-checkbox-group-item css-dev-only-do-not-override-pr0fja"
    >
      <span
        class="ant-checkbox ant-wave-target css-dev-only-do-not-override-pr0fja"
      >
        <input
          class="ant-checkbox-input"
          type="checkbox"
          value="Stout"
        />
        <span
          class="ant-checkbox-inner"
        />
      </span>
      <span>
        Stout
      </span>
    </label>
    <label
      class="ant-checkbox-wrapper ant-checkbox-group-item css-dev-only-do-not-override-pr0fja"
    >
      <span
        class="ant-checkbox ant-wave-target css-dev-only-do-not-override-pr0fja"
      >
        <input
          class="ant-checkbox-input"
          type="checkbox"
          value="Lager"
        />
        <span
          class="ant-checkbox-inner"
        />
      </span>
      <span>
        Lager
      </span>
    </label>
    <label
      class="ant-checkbox-wrapper ant-checkbox-group-item css-dev-only-do-not-override-pr0fja"
    >
      <span
        class="ant-checkbox ant-wave-target css-dev-only-do-not-override-pr0fja"
      >
        <input
          class="ant-checkbox-input"
          type="checkbox"
          value="Pilsner"
        />
        <span
          class="ant-checkbox-inner"
        />
      </span>
      <span>
        Pilsner
      </span>
    </label>
    <label
      class="ant-checkbox-wrapper ant-checkbox-group-item css-dev-only-do-not-override-pr0fja"
    >
      <span
        class="ant-checkbox ant-wave-target css-dev-only-do-not-override-pr0fja"
      >
        <input
          class="ant-checkbox-input"
          type="checkbox"
          value="Pale Ale"
        />
        <span
          class="ant-checkbox-inner"
        />
      </span>
      <span>
        Pale Ale
      </span>
    </label>
    <label
      class="ant-checkbox-wrapper ant-checkbox-group-item css-dev-only-do-not-override-pr0fja"
    >
      <span
        class="ant-checkbox ant-wave-target css-dev-only-do-not-override-pr0fja"
      >
        <input
          class="ant-checkbox-input"
          type="checkbox"
          value="Wheat"
        />
        <span
          class="ant-checkbox-inner"
        />
      </span>
      <span>
        Wheat
      </span>
    </label>
    <label
      class="ant-checkbox-wrapper ant-checkbox-group-item css-dev-only-do-not-override-pr0fja"
    >
      <span
        class="ant-checkbox ant-wave-target css-dev-only-do-not-override-pr0fja"
      >
        <input
          class="ant-checkbox-input"
          type="checkbox"
          value="Sour"
        />
        <span
          class="ant-checkbox-inner"
        />
      </span>
      <span>
        Sour
      </span>
    </label>
    <label
      class="ant-checkbox-wrapper ant-checkbox-group-item css-dev-only-do-not-override-pr0fja"
    >
      <span
        class="ant-checkbox ant-wave-target css-dev-only-do-not-override-pr0fja"
      >
        <input
          class="ant-checkbox-input"
          type="checkbox"
          value="Porter"
        />
        <span
          class="ant-checkbox-inner"
        />
      </span>
      <span>
        Porter
      </span>
    </label>
    <label
      class="ant-checkbox-wrapper ant-checkbox-group-item css-dev-only-do-not-override-pr0fja"
    >
      <span
        class="ant-checkbox ant-wave-target css-dev-only-do-not-override-pr0fja"
      >
        <input
          class="ant-checkbox-input"
          type="checkbox"
          value="Belgian"
        />
        <span
          class="ant-checkbox-inner"
        />
      </span>
      <span>
        Belgian
      </span>
    </label>
    <label
      class="ant-checkbox-wrapper ant-checkbox-group-item css-dev-only-do-not-override-pr0fja"
    >
      <span
        class="ant-checkbox ant-wave-target css-dev-only-do-not-override-pr0fja"
      >
        <input
          class="ant-checkbox-input"
          type="checkbox"
          value="Brown Ale"
        />
        <span
          class="ant-checkbox-inner"
        />
      </span>
      <span>
        Brown Ale
      </span>
    </label>
    <label
      class="ant-checkbox-wrapper ant-checkbox-group-item css-dev-only-do-not-override-pr0fja"
    >
      <span
        class="ant-checkbox ant-wave-target css-dev-only-do-not-override-pr0fja"
      >
        <input
          class="ant-checkbox-input"
          type="checkbox"
          value="Red Ale"
        />
        <span
          class="ant-checkbox-inner"
        />
      </span>
      <span>
        Red Ale
      </span>
    </label>
    <label
      class="ant-checkbox-wrapper ant-checkbox-group-item css-dev-only-do-not-override-pr0fja"
    >
      <span
        class="ant-checkbox ant-wave-target css-dev-only-do-not-override-pr0fja"
      >
        <input
          class="ant-checkbox-input"
          type="checkbox"
          value="Barleywine"
        />
        <span
          class="ant-checkbox-inner"
        />
      </span>
      <span>
        Barleywine
      </span>
    </label>
    <label
      class="ant-checkbox-wrapper ant-checkbox-group-item css-dev-only-do-not-override-pr0fja"
    >
      <span
        class="ant-checkbox ant-wave-target css-dev-only-do-not-override-pr0fja"
      >
        <input
          class="ant-checkbox-input"
          type="checkbox"
          value="Saison"
        />
        <span
          class="ant-checkbox-inner"
        />
      </span>
      <span>
        Saison
      </span>
    </label>
    <label
      class="ant-checkbox-wrapper ant-checkbox-group-item css-dev-only-do-not-override-pr0fja"
    >
      <span
        class="ant-checkbox ant-wave-target css-dev-only-do-not-override-pr0fja"
      >
        <input
          class="ant-checkbox-input"
          type="checkbox"
          value="Bock"
        />
        <span
          class="ant-checkbox-inner"
        />
      </span>
      <span>
        Bock
      </span>
    </label>
    <label
      class="ant-checkbox-wrapper ant-checkbox-group-item css-dev-only-do-not-override-pr0fja"
    >
      <span
        class="ant-checkbox ant-wave-target css-dev-only-do-not-override-pr0fja"
      >
        <input
          class="ant-checkbox-input"
          type="checkbox"
          value="Amber Ale"
        />
        <span
          class="ant-checkbox-inner"
        />
      </span>
      <span>
        Amber Ale
      </span>
    </label>
    <label
      class="ant-checkbox-wrapper ant-checkbox-group-item css-dev-only-do-not-override-pr0fja"
    >
      <span
        class="ant-checkbox ant-wave-target css-dev-only-do-not-override-pr0fja"
      >
        <input
          class="ant-checkbox-input"
          type="checkbox"
          value="APA"
        />
        <span
          class="ant-checkbox-inner"
        />
      </span>
      <span>
        APA
      </span>
    </label>
  </div>
  <div
    class="ant-divider css-dev-only-do-not-override-pr0fja ant-divider-horizontal"
    role="separator"
  />
  <div
    class="_headingWrapper_3ea492"
  >
    <h2>
      IBU
    </h2>
    <span
      aria-label="question-circle"
      class="anticon anticon-question-circle"
      role="img"
    >
      <svg
        aria-hidden="true"
        data-icon="question-circle"
        fill="currentColor"
        focusable="false"
        height="1em"
        viewBox="64 64 896 896"
        width="1em"
      >
        <path
          d="M512 64C264.6 64 64 264.6 64 512s200.6 448 448 448 448-200.6 448-448S759.4 64 512 64zm0 820c-205.4 0-372-166.6-372-372s166.6-372 372-372 372 166.6 372 372-166.6 372-372 372z"
        />
        <path
          d="M623.6 316.7C593.6 290.4 554 276 512 276s-81.6 14.5-111.6 40.7C369.2 344 352 380.7 352 420v7.6c0 4.4 3.6 8 8 8h48c4.4 0 8-3.6 8-8V420c0-44.1 43.1-80 96-80s96 35.9 96 80c0 31.1-22 59.6-56.1 72.7-21.2 8.1-39.2 22.3-52.1 40.9-13.1 19-19.9 41.8-19.9 64.9V620c0 4.4 3.6 8 8 8h48c4.4 0 8-3.6 8-8v-22.7a48.3 48.3 0 0130.9-44.8c59-22.7 97.1-74.7 97.1-132.5.1-39.3-17.1-76-48.3-103.3zM472 732a40 40 0 1080 0 40 40 0 10-80 0z"
        />
      </svg>
    </span>
  </div>
  <div
    class="ant-slider css-dev-only-do-not-override-pr0fja ant-slider-horizontal"
  >
    <div
      class="ant-slider-rail"
    />
    <div
      class="ant-slider-track ant-slider-track-1"
      style="left: 0%; width: 24%;"
    />
    <div
      class="ant-slider-step"
    />
    <div
      aria-disabled="false"
      aria-orientation="horizontal"
      aria-valuemax="100"
      aria-valuemin="0"
      aria-valuenow="0"
      class="ant-slider-handle ant-slider-handle-1"
      role="slider"
      style="left: 0%; transform: translateX(-50%);"
      tabindex="0"
    />
    <div
      aria-disabled="false"
      aria-orientation="horizontal"
      aria-valuemax="100"
      aria-valuemin="0"
      aria-valuenow="24"
      class="ant-slider-handle ant-slider-handle-2"
      role="slider"
      style="left: 24%; transform: translateX(-50%);"
      tabindex="0"
    />
  </div>
  <div
    class="ant-divider css-dev-only-do-not-override-pr0fja ant-divider-horizontal"
    role="separator"
  />
  <div
    class="_headingWrapper_3ea492"
  >
    <h2>
      Alcohol
    </h2>
    <span
      aria-label="question-circle"
      class="anticon anticon-question-circle"
      role="img"
    >
      <svg
        aria-hidden="true"
        data-icon="question-circle"
        fill="currentColor"
        focusable="false"
        height="1em"
        viewBox="64 64 896 896"
        width="1em"
      >
        <path
          d="M512 64C264.6 64 64 264.6 64 512s200.6 448 448 448 448-200.6 448-448S759.4 64 512 64zm0 820c-205.4 0-372-166.6-372-372s166.6-372 372-372 372 166.6 372 372-166.6 372-372 372z"
        />
        <path
          d="M623.6 316.7C593.6 290.4 554 276 512 276s-81.6 14.5-111.6 40.7C369.2 344 352 380.7 352 420v7.6c0 4.4 3.6 8 8 8h48c4.4 0 8-3.6 8-8V420c0-44.1 43.1-80 96-80s96 35.9 96 80c0 31.1-22 59.6-56.1 72.7-21.2 8.1-39.2 22.3-52.1 40.9-13.1 19-19.9 41.8-19.9 64.9V620c0 4.4 3.6 8 8 8h48c4.4 0 8-3.6 8-8v-22.7a48.3 48.3 0 0130.9-44.8c59-22.7 97.1-74.7 97.1-132.5.1-39.3-17.1-76-48.3-103.3zM472 732a40 40 0 1080 0 40 40 0 10-80 0z"
        />
      </svg>
    </span>
  </div>
  <div
    class="ant-slider css-dev-only-do-not-override-pr0fja ant-slider-horizontal"
  >
    <div
      class="ant-slider-rail"
    />
    <div
      class="ant-slider-track ant-slider-track-1"
      style="left: 16%; width: 16%;"
    />
    <div
      class="ant-slider-step"
    />
    <div
      aria-disabled="false"
      aria-orientation="horizontal"
      aria-valuemax="25"
      aria-valuemin="0"
      aria-valuenow="4"
      class="ant-slider-handle ant-slider-handle-1"
      role="slider"
      style="left: 16%; transform: translateX(-50%);"
      tabindex="0"
    />
    <div
      aria-disabled="false"
      aria-orientation="horizontal"
      aria-valuemax="25"
      aria-valuemin="0"
      aria-valuenow="8"
      class="ant-slider-handle ant-slider-handle-2"
      role="slider"
      style="left: 32%; transform: translateX(-50%);"
      tabindex="0"
    />
  </div>
</div>
`;
