// Vitest Snapshot v1, https://vitest.dev/guide/snapshot.html

exports[`FilterButton > renders correctly 1`] = `
<div>
  <div
    class="_filterButtonWrapper_1f5523"
  >
    <button
      class="ant-btn css-dev-only-do-not-override-pr0fja ant-btn-primary ant-btn-icon-only"
      type="button"
    >
      <span
        class="ant-btn-icon"
      >
        <span
          aria-label="filter"
          class="anticon anticon-filter"
          role="img"
        >
          <svg
            aria-hidden="true"
            data-icon="filter"
            fill="currentColor"
            focusable="false"
            height="1em"
            viewBox="64 64 896 896"
            width="1em"
          >
            <path
              d="M349 838c0 17.7 14.2 32 31.8 32h262.4c17.6 0 31.8-14.3 31.8-32V642H349v196zm531.1-684H143.9c-24.5 0-39.8 26.7-27.5 48l221.3 376h348.8l221.3-376c12.1-21.3-3.2-48-27.7-48z"
            />
          </svg>
        </span>
      </span>
    </button>
  </div>
</div>
`;
