// Vitest Snapshot v1, https://vitest.dev/guide/snapshot.html

exports[`BeerCard > renders correctly 1`] = `
<div>
  <a
    aria-label="Example beer"
    class="_card_539764"
    href="./project2/beer/2"
  >
    <div
      class="_textWrapper_539764"
    >
      <h1
        class="_beerName_539764"
      >
        Example beer
      </h1>
      <p
        class="_breweryName_539764"
      >
        Example brewery
      </p>
    </div>
    <div
      class="_wrapper_0f0ab2"
    >
      <button
        aria-label="Upvote this beer"
        class="ant-btn css-dev-only-do-not-override-pr0fja ant-btn-primary ant-btn-icon-only"
        style="filter: brightness(0.8);"
        type="button"
      >
        <span
          class="ant-btn-icon"
        >
          <span
            aria-label="caret-up"
            class="anticon anticon-caret-up"
            role="img"
          >
            <svg
              aria-hidden="true"
              data-icon="caret-up"
              fill="currentColor"
              focusable="false"
              height="1em"
              viewBox="0 0 1024 1024"
              width="1em"
            >
              <path
                d="M858.9 689L530.5 308.2c-9.4-10.9-27.5-10.9-37 0L165.1 689c-12.2 14.2-1.2 35 18.5 35h656.8c19.7 0 30.7-20.8 18.5-35z"
              />
            </svg>
          </span>
        </span>
      </button>
      <h2
        aria-label="Total score"
        class="_count_0f0ab2"
      >
        10
      </h2>
      <button
        aria-label="Downvote this beer"
        class="ant-btn css-dev-only-do-not-override-pr0fja ant-btn-primary ant-btn-icon-only"
        style="filter: brightness(0.8);"
        type="button"
      >
        <span
          class="ant-btn-icon"
        >
          <span
            aria-label="caret-down"
            class="anticon anticon-caret-down"
            role="img"
          >
            <svg
              aria-hidden="true"
              data-icon="caret-down"
              fill="currentColor"
              focusable="false"
              height="1em"
              viewBox="0 0 1024 1024"
              width="1em"
            >
              <path
                d="M840.4 300H183.6c-19.7 0-30.7 20.8-18.5 35l328.4 380.8c9.4 10.9 27.5 10.9 37 0L858.9 335c12.2-14.2 1.2-35-18.5-35z"
              />
            </svg>
          </span>
        </span>
      </button>
    </div>
  </a>
</div>
`;
